2026-09-25 06:49:59,509 INFO Found 6 CSV file(s)
2026-09-25 06:49:59,510 INFO APPLICATION: new4latest
2026-09-25 06:49:59,510 INFO RUN REPORT : /home/postgres/santhosh_bsc/script_par_loc/new4latest/new4latest_2026-09-25.json
2026-09-25 06:49:59,510 INFO ERROR LOG  : /home/postgres/santhosh_bsc/script_par_loc/new4latest/new4latest_2026-09-25_error.log
Setting default log level to "WARN".
To adjust logging level use sc.setLogLevel(newLevel). For SparkR, use setLogLevel(newLevel).
26/09/25 06:50:01 WARN NativeCodeLoader: Unable to load native-hadoop library for your platform... using builtin-java classes where applicable
26/09/25 06:50:01 WARN Utils: Service 'SparkUI' could not bind on port 4040. Attempting port 4041.
26/09/25 06:50:01 WARN Utils: Service 'SparkUI' could not bind on port 4041. Attempting port 4042.
26/09/25 06:50:01 WARN Utils: Service 'SparkUI' could not bind on port 4042. Attempting port 4043.
26/09/25 06:50:01 WARN Utils: Service 'SparkUI' could not bind on port 4043. Attempting port 4044.
26/09/25 06:50:01 WARN Utils: Service 'SparkUI' could not bind on port 4044. Attempting port 4045.
26/09/25 06:50:01 WARN Utils: Service 'SparkUI' could not bind on port 4045. Attempting port 4046.
2026-09-25 06:50:02,245 INFO SCHEMA OUTPUT: /home/postgres/santhosh_bsc/script_par_loc/new4latest/parquet
2026-09-25 06:50:02,246 INFO CSV       : /home/postgres/santhosh_bsc/csv_location/new_4_test/ecm_output/48/OPTIM_UK_ADDRESSES-A259B600-4636-11ED-93F0-005056A9AB1E-240926024648.CSV
2026-09-25 06:50:02,246 INFO SCHEMA    : (default/no schema prefix)
2026-09-25 06:50:02,246 INFO TABLE     : OPTIM_UK_ADDRESSES
2026-09-25 06:50:02,246 INFO METADATA TABLE KEY: OPTIM_UK_ADDRESSES
2026-09-25 06:50:02,246 INFO GUID      : {A259B600-4636-11ED-93F0-005056A9AB1E}
2026-09-25 06:50:02,246 INFO NATIVE    : True
2026-09-25 06:50:02,246 INFO NATIVE CLOB/VARCHAR: False
2026-09-25 06:50:02,246 INFO LOB cols  : []
2026-09-25 06:50:04,966 INFO   SEQ: source='NUMBER' -> double
2026-09-25 06:50:04,981 INFO   ADDRESS1: source='VARCHAR2' -> string
2026-09-25 06:50:04,995 INFO   ADDRESS2: source='VARCHAR2' -> string
2026-09-25 06:50:05,009 INFO   LOCALITY: source='VARCHAR2' -> string
2026-09-25 06:50:05,022 INFO   POSTTOWN: source='VARCHAR2' -> string
2026-09-25 06:50:05,051 INFO   POSTCODE: source='CHAR' -> string
2026-09-25 06:50:05,051 INFO OUTPUT    : /home/postgres/santhosh_bsc/script_par_loc/new4latest/parquet/OPTIM_UK_ADDRESSES.parquet
[Stage 1:>                                                          (0 + 1) / 1]                                                                                2026-09-25 06:50:07,315 INFO SUCCESS   : /home/postgres/santhosh_bsc/script_par_loc/new4latest/parquet/OPTIM_UK_ADDRESSES.parquet rows=100
2026-09-25 06:50:07,317 INFO FILE SUCCESS: OPTIM_UK_ADDRESSES | rows=100 | output=/home/postgres/santhosh_bsc/script_par_loc/new4latest/parquet/OPTIM_UK_ADDRESSES.parquet
2026-09-25 06:50:07,317 INFO SCHEMA OUTPUT: /home/postgres/santhosh_bsc/script_par_loc/new4latest/parquet
2026-09-25 06:50:07,317 INFO CSV       : /home/postgres/santhosh_bsc/csv_location/new_4_test/ecm_output/48/OPTIM_UK_FIRSTNAME-A259B600-4636-11ED-93F0-005056A9AB1E-240926024648.CSV
2026-09-25 06:50:07,318 INFO SCHEMA    : (default/no schema prefix)
2026-09-25 06:50:07,318 INFO TABLE     : OPTIM_UK_FIRSTNAME
2026-09-25 06:50:07,318 INFO METADATA TABLE KEY: OPTIM_UK_FIRSTNAME
2026-09-25 06:50:07,318 INFO GUID      : {A259B600-4636-11ED-93F0-005056A9AB1E}
2026-09-25 06:50:07,318 INFO NATIVE    : True
2026-09-25 06:50:07,318 INFO NATIVE CLOB/VARCHAR: False
2026-09-25 06:50:07,318 INFO LOB cols  : []
2026-09-25 06:50:07,391 INFO   SEQ: source='NUMBER' -> double
2026-09-25 06:50:07,396 INFO   FIRSTNAME: source='VARCHAR2' -> string
2026-09-25 06:50:07,396 INFO OUTPUT    : /home/postgres/santhosh_bsc/script_par_loc/new4latest/parquet/OPTIM_UK_FIRSTNAME.parquet
2026-09-25 06:50:07,684 INFO SUCCESS   : /home/postgres/santhosh_bsc/script_par_loc/new4latest/parquet/OPTIM_UK_FIRSTNAME.parquet rows=99
2026-09-25 06:50:07,685 INFO FILE SUCCESS: OPTIM_UK_FIRSTNAME | rows=99 | output=/home/postgres/santhosh_bsc/script_par_loc/new4latest/parquet/OPTIM_UK_FIRSTNAME.parquet
2026-09-25 06:50:07,685 INFO SCHEMA OUTPUT: /home/postgres/santhosh_bsc/script_par_loc/new4latest/parquet
2026-09-25 06:50:07,685 INFO CSV       : /home/postgres/santhosh_bsc/csv_location/new_4_test/ecm_output/48/OPTIM_UK_FIRSTNAME_F-A259B600-4636-11ED-93F0-005056A9AB1E-240926024648.CSV
2026-09-25 06:50:07,685 INFO SCHEMA    : (default/no schema prefix)
2026-09-25 06:50:07,685 INFO TABLE     : OPTIM_UK_FIRSTNAME_F
2026-09-25 06:50:07,685 INFO METADATA TABLE KEY: OPTIM_UK_FIRSTNAME_F
2026-09-25 06:50:07,685 INFO GUID      : {A259B600-4636-11ED-93F0-005056A9AB1E}
2026-09-25 06:50:07,685 INFO NATIVE    : True
2026-09-25 06:50:07,685 INFO NATIVE CLOB/VARCHAR: False
2026-09-25 06:50:07,685 INFO LOB cols  : []
2026-09-25 06:50:07,751 INFO   SEQ: source='NUMBER' -> double
2026-09-25 06:50:07,756 INFO   FIRSTNAME: source='VARCHAR2' -> string
2026-09-25 06:50:07,756 INFO OUTPUT    : /home/postgres/santhosh_bsc/script_par_loc/new4latest/parquet/OPTIM_UK_FIRSTNAME_F.parquet
2026-09-25 06:50:08,057 INFO SUCCESS   : /home/postgres/santhosh_bsc/script_par_loc/new4latest/parquet/OPTIM_UK_FIRSTNAME_F.parquet rows=99
2026-09-25 06:50:08,057 INFO FILE SUCCESS: OPTIM_UK_FIRSTNAME_F | rows=99 | output=/home/postgres/santhosh_bsc/script_par_loc/new4latest/parquet/OPTIM_UK_FIRSTNAME_F.parquet
2026-09-25 06:50:08,058 INFO SCHEMA OUTPUT: /home/postgres/santhosh_bsc/script_par_loc/new4latest/parquet
2026-09-25 06:50:08,058 INFO CSV       : /home/postgres/santhosh_bsc/csv_location/new_4_test/ecm_output/48/OPTIM_UK_FIRSTNAME_M-A259B600-4636-11ED-93F0-005056A9AB1E-240926024648.CSV
2026-09-25 06:50:08,058 INFO SCHEMA    : (default/no schema prefix)
2026-09-25 06:50:08,058 INFO TABLE     : OPTIM_UK_FIRSTNAME_M
2026-09-25 06:50:08,058 INFO METADATA TABLE KEY: OPTIM_UK_FIRSTNAME_M
2026-09-25 06:50:08,058 INFO GUID      : {A259B600-4636-11ED-93F0-005056A9AB1E}
2026-09-25 06:50:08,058 INFO NATIVE    : True
2026-09-25 06:50:08,058 INFO NATIVE CLOB/VARCHAR: False
2026-09-25 06:50:08,058 INFO LOB cols  : []
2026-09-25 06:50:08,124 INFO   SEQ: source='NUMBER' -> double
2026-09-25 06:50:08,135 INFO   FIRSTNAME: source='VARCHAR2' -> string
2026-09-25 06:50:08,135 INFO OUTPUT    : /home/postgres/santhosh_bsc/script_par_loc/new4latest/parquet/OPTIM_UK_FIRSTNAME_M.parquet
2026-09-25 06:50:08,371 INFO SUCCESS   : /home/postgres/santhosh_bsc/script_par_loc/new4latest/parquet/OPTIM_UK_FIRSTNAME_M.parquet rows=99
2026-09-25 06:50:08,372 INFO FILE SUCCESS: OPTIM_UK_FIRSTNAME_M | rows=99 | output=/home/postgres/santhosh_bsc/script_par_loc/new4latest/parquet/OPTIM_UK_FIRSTNAME_M.parquet
2026-09-25 06:50:08,372 INFO SCHEMA OUTPUT: /home/postgres/santhosh_bsc/script_par_loc/new4latest/parquet
2026-09-25 06:50:08,372 INFO CSV       : /home/postgres/santhosh_bsc/csv_location/new_4_test/ecm_output/48/OPTIM_UK_LASTNAME-A259B600-4636-11ED-93F0-005056A9AB1E-240926024648.CSV
2026-09-25 06:50:08,372 INFO SCHEMA    : (default/no schema prefix)
2026-09-25 06:50:08,372 INFO TABLE     : OPTIM_UK_LASTNAME
2026-09-25 06:50:08,372 INFO METADATA TABLE KEY: OPTIM_UK_LASTNAME
2026-09-25 06:50:08,372 INFO GUID      : {A259B600-4636-11ED-93F0-005056A9AB1E}
2026-09-25 06:50:08,372 INFO NATIVE    : True
2026-09-25 06:50:08,372 INFO NATIVE CLOB/VARCHAR: False
2026-09-25 06:50:08,372 INFO LOB cols  : []
2026-09-25 06:50:08,445 INFO   SEQ: source='NUMBER' -> double
2026-09-25 06:50:08,451 INFO   LASTNAME: source='VARCHAR2' -> string
2026-09-25 06:50:08,452 INFO OUTPUT    : /home/postgres/santhosh_bsc/script_par_loc/new4latest/parquet/OPTIM_UK_LASTNAME.parquet
2026-09-25 06:50:08,713 INFO SUCCESS   : /home/postgres/santhosh_bsc/script_par_loc/new4latest/parquet/OPTIM_UK_LASTNAME.parquet rows=99
2026-09-25 06:50:08,714 INFO FILE SUCCESS: OPTIM_UK_LASTNAME | rows=99 | output=/home/postgres/santhosh_bsc/script_par_loc/new4latest/parquet/OPTIM_UK_LASTNAME.parquet
2026-09-25 06:50:08,714 INFO SCHEMA OUTPUT: /home/postgres/santhosh_bsc/script_par_loc/new4latest/parquet
2026-09-25 06:50:08,714 INFO CSV       : /home/postgres/santhosh_bsc/csv_location/new_4_test/ecm_output/48/OPTIM_UK_PERSON-A259B600-4636-11ED-93F0-005056A9AB1E-240926024648.CSV
2026-09-25 06:50:08,714 INFO SCHEMA    : (default/no schema prefix)
2026-09-25 06:50:08,714 INFO TABLE     : OPTIM_UK_PERSON
2026-09-25 06:50:08,714 INFO METADATA TABLE KEY: OPTIM_UK_PERSON
2026-09-25 06:50:08,714 INFO GUID      : {A259B600-4636-11ED-93F0-005056A9AB1E}
2026-09-25 06:50:08,714 INFO NATIVE    : True
2026-09-25 06:50:08,714 INFO NATIVE CLOB/VARCHAR: False
2026-09-25 06:50:08,714 INFO LOB cols  : []
2026-09-25 06:50:08,784 INFO   SEQ: source='NUMBER' -> double
2026-09-25 06:50:08,800 INFO   ID: source='CHAR' -> string
2026-09-25 06:50:08,808 INFO   FIRSTNAME: source='VARCHAR2' -> string
2026-09-25 06:50:08,815 INFO   LASTNAME: source='VARCHAR2' -> string
2026-09-25 06:50:08,823 INFO   COMPANY: source='VARCHAR2' -> string
2026-09-25 06:50:08,830 INFO   NATIONALID: source='VARCHAR2' -> string
2026-09-25 06:50:08,848 INFO   SEX: source='CHAR' -> string
2026-09-25 06:50:08,854 INFO   PHONE: source='VARCHAR2' -> string
2026-09-25 06:50:08,887 INFO   BIRTHDATE: source='DATE' -> date
2026-09-25 06:50:08,894 INFO   EMAIL_ADDRESS: source='VARCHAR2' -> string
2026-09-25 06:50:08,894 INFO OUTPUT    : /home/postgres/santhosh_bsc/script_par_loc/new4latest/parquet/OPTIM_UK_PERSON.parquet
2026-09-25 06:50:09,302 INFO SUCCESS   : /home/postgres/santhosh_bsc/script_par_loc/new4latest/parquet/OPTIM_UK_PERSON.parquet rows=99
2026-09-25 06:50:09,303 INFO FILE SUCCESS: OPTIM_UK_PERSON | rows=99 | output=/home/postgres/santhosh_bsc/script_par_loc/new4latest/parquet/OPTIM_UK_PERSON.parquet
2026-09-25 06:50:09,305 INFO Conversion run finished. Application=new4latest Status=SUCCESS Report=/home/postgres/santhosh_bsc/script_par_loc/new4latest/new4latest_2026-09-25.json
root
 |-- SEQ: double (nullable = true)
 |-- ADDRESS1: string (nullable = true)
 |-- ADDRESS2: string (nullable = true)
 |-- LOCALITY: string (nullable = true)
 |-- POSTTOWN: string (nullable = true)
 |-- POSTCODE: string (nullable = true)

root
 |-- SEQ: double (nullable = true)
 |-- FIRSTNAME: string (nullable = true)

root
 |-- SEQ: double (nullable = true)
 |-- FIRSTNAME: string (nullable = true)

root
 |-- SEQ: double (nullable = true)
 |-- FIRSTNAME: string (nullable = true)

root
 |-- SEQ: double (nullable = true)
 |-- LASTNAME: string (nullable = true)

root
 |-- SEQ: double (nullable = true)
 |-- ID: string (nullable = true)
 |-- FIRSTNAME: string (nullable = true)
 |-- LASTNAME: string (nullable = true)
 |-- COMPANY: string (nullable = true)
 |-- NATIONALID: string (nullable = true)
 |-- SEX: string (nullable = true)
 |-- PHONE: string (nullable = true)
 |-- BIRTHDATE: timestamp (nullable = true)
 |-- EMAIL_ADDRESS: string (nullable = true)

